// Jest Snapshot v1, https://goo.gl/fbAQLP

exports[`Build distribution should match a specific file output: consistent output 1`] = `
Array [
  Array [
    "",
    "./backend/dist/gen/io*apimachinery*apis*v1*map",
    "./backend/dist/gen/io*apimachinery*apis*v1.js",
    "./backend/dist/gen/io*apimachinery*runtime*map",
    "./backend/dist/gen/io*apimachinery*runtime.js",
    "./backend/dist/gen/io*console*v1alpha1*map",
    "./backend/dist/gen/io*console*v1alpha1*map",
    "./backend/dist/gen/io*console*v1alpha1.js",
    "./backend/dist/gen/io*console*v1alpha1.js",
    "./backend/dist/src/app*map",
    "./backend/dist/src/app.js",
    "./backend/dist/src/plugins/kube*map",
    "./backend/dist/src/plugins/kube.js",
    "./backend/dist/src/routes/api/components/index*map",
    "./backend/dist/src/routes/api/components/index.js",
    "./backend/dist/src/routes/api/components/list*map",
    "./backend/dist/src/routes/api/components/list.js",
    "./backend/dist/src/routes/api/docs/index*map",
    "./backend/dist/src/routes/api/docs/index.js",
    "./backend/dist/src/routes/api/docs/list*map",
    "./backend/dist/src/routes/api/docs/list.js",
    "./backend/dist/src/routes/api/getting-started/gettingStartedUtils*map",
    "./backend/dist/src/routes/api/getting-started/gettingStartedUtils.js",
    "./backend/dist/src/routes/api/getting-started/index*map",
    "./backend/dist/src/routes/api/getting-started/index.js",
    "./backend/dist/src/routes/api/getting-started/list*map",
    "./backend/dist/src/routes/api/getting-started/list.js",
    "./backend/dist/src/routes/api/not-found*map",
    "./backend/dist/src/routes/api/not-found.js",
    "./backend/dist/src/routes/api/quickstarts/index*map",
    "./backend/dist/src/routes/api/quickstarts/index.js",
    "./backend/dist/src/routes/api/quickstarts/quickStartUtils*map",
    "./backend/dist/src/routes/api/quickstarts/quickStartUtils.js",
    "./backend/dist/src/routes/api/segment-key/index*map",
    "./backend/dist/src/routes/api/segment-key/index.js",
    "./backend/dist/src/routes/api/segment-key/segmentKeyUtils*map",
    "./backend/dist/src/routes/api/segment-key/segmentKeyUtils.js",
    "./backend/dist/src/routes/api/status/index*map",
    "./backend/dist/src/routes/api/status/index.js",
    "./backend/dist/src/routes/api/validate-isv/index*map",
    "./backend/dist/src/routes/api/validate-isv/index.js",
    "./backend/dist/src/routes/api/validate-isv/validateISV*map",
    "./backend/dist/src/routes/api/validate-isv/validateISV.js",
    "./backend/dist/src/routes/root*map",
    "./backend/dist/src/routes/root.js",
    "./backend/dist/src/server*map",
    "./backend/dist/src/server.js",
    "./backend/dist/src/types*map",
    "./backend/dist/src/types.js",
    "./backend/dist/src/utils/componentUtils*map",
    "./backend/dist/src/utils/componentUtils.js",
    "./backend/dist/src/utils/constants*map",
    "./backend/dist/src/utils/constants.js",
    "./backend/dist/src/utils/dotenv*map",
    "./backend/dist/src/utils/dotenv.js",
    "./backend/dist/src/utils/features*map",
    "./backend/dist/src/utils/features.js",
    "./backend/dist/src/utils/resourceUtils*map",
    "./backend/dist/src/utils/resourceUtils.js",
    "./backend/dist/src/utils/resourceWatcher*map",
    "./backend/dist/src/utils/resourceWatcher.js",
    "./backend/dist/src/utils/responseUtils*map",
    "./backend/dist/src/utils/responseUtils.js",
  ],
  Array [
    "",
    "./frontend/public/0*css",
    "./frontend/public/0*js",
    "./frontend/public/0*js*txt",
    "./frontend/public/0*js.map",
    "./frontend/public/1*css",
    "./frontend/public/1*js",
    "./frontend/public/1*js*txt",
    "./frontend/public/1*js.map",
    "./frontend/public/3*css",
    "./frontend/public/3*js",
    "./frontend/public/3*js.map",
    "./frontend/public/4*css",
    "./frontend/public/4*js",
    "./frontend/public/4*js*txt",
    "./frontend/public/4*js.map",
    "./frontend/public/459ff1ce1a2c7d788fc0e1183166ecf2.svg",
    "./frontend/public/5*js",
    "./frontend/public/5*js.map",
    "./frontend/public/6*js",
    "./frontend/public/6*js.map",
    "./frontend/public/7*js",
    "./frontend/public/7*js.map",
    "./frontend/public/8*js",
    "./frontend/public/8*js.map",
    "./frontend/public/app*js",
    "./frontend/public/app*js*txt",
    "./frontend/public/app*js.map",
    "./frontend/public/app.css",
    "./frontend/public/index.html",
  ],
]
`;
